[INFO] Scanning for projects...
[INFO] 
[INFO] -------------------< com.faculte:gestion-ressources >-------------------
[INFO] Building gestion-ressources 0.0.1-SNAPSHOT
[INFO]   from pom.xml
[INFO] --------------------------------[ jar ]---------------------------------
[INFO] 
[INFO] >>> spring-boot:3.1.5:run (default-cli) > test-compile @ gestion-ressources >>>
[INFO] 
[INFO] --- resources:3.3.1:resources (default-resources) @ gestion-ressources ---
[INFO] Copying 1 resource from src\main\resources to target\classes
[INFO] Copying 0 resource from src\main\resources to target\classes
[INFO] 
[INFO] --- compiler:3.11.0:compile (default-compile) @ gestion-ressources ---
[INFO] Nothing to compile - all classes are up to date
[INFO] 
[INFO] --- resources:3.3.1:testResources (default-testResources) @ gestion-ressources ---
[INFO] skip non existing resourceDirectory C:\Users\pc\Downloads\gestion-ressources\gestion-ressources\src\test\resources
[INFO] 
[INFO] --- compiler:3.11.0:testCompile (default-testCompile) @ gestion-ressources ---
[INFO] Nothing to compile - all classes are up to date
[INFO] 
[INFO] <<< spring-boot:3.1.5:run (default-cli) < test-compile @ gestion-ressources <<<
[INFO] 
[INFO] 
[INFO] --- spring-boot:3.1.5:run (default-cli) @ gestion-ressources ---
[INFO] Attaching agents: []

  .   ____          _            __ _ _
 /\\ / ___'_ __ _ _(_)_ __  __ _ \ \ \ \
( ( )\___ | '_ | '_| | '_ \/ _` | \ \ \ \
 \\/  ___)| |_)| | | | | || (_| |  ) ) ) )
  '  |____| .__|_| |_|_| |_\__, | / / / /
 =========|_|==============|___/=/_/_/_/
 :: Spring Boot ::                (v3.1.5)

2026-04-04T17:51:20.946+02:00  INFO 3880 --- [           main] c.f.g.GestionRessourcesApplication       : Starting GestionRessourcesApplication using Java 17.0.12 with PID 3880 (C:\Users\pc\Downloads\gestion-ressources\gestion-ressources\target\classes started by pc in C:\Users\pc\Downloads\gestion-ressources\gestion-ressources)
2026-04-04T17:51:20.955+02:00 DEBUG 3880 --- [           main] c.f.g.GestionRessourcesApplication       : Running with Spring Boot v3.1.5, Spring v6.0.13
2026-04-04T17:51:20.957+02:00  INFO 3880 --- [           main] c.f.g.GestionRessourcesApplication       : No active profile set, falling back to 1 default profile: "default"
2026-04-04T17:51:22.698+02:00  INFO 3880 --- [           main] .s.d.r.c.RepositoryConfigurationDelegate : Bootstrapping Spring Data JPA repositories in DEFAULT mode.
2026-04-04T17:51:22.999+02:00  INFO 3880 --- [           main] .s.d.r.c.RepositoryConfigurationDelegate : Finished Spring Data repository scanning in 285 ms. Found 12 JPA repository interfaces.
2026-04-04T17:51:24.700+02:00  INFO 3880 --- [           main] o.s.b.w.embedded.tomcat.TomcatWebServer  : Tomcat initialized with port(s): 8080 (http)
2026-04-04T17:51:24.722+02:00  INFO 3880 --- [           main] o.apache.catalina.core.StandardService   : Starting service [Tomcat]
2026-04-04T17:51:24.722+02:00  INFO 3880 --- [           main] o.apache.catalina.core.StandardEngine    : Starting Servlet engine: [Apache Tomcat/10.1.15]
2026-04-04T17:51:24.962+02:00  INFO 3880 --- [           main] o.a.c.c.C.[Tomcat].[localhost].[/]       : Initializing Spring embedded WebApplicationContext
2026-04-04T17:51:24.965+02:00  INFO 3880 --- [           main] w.s.c.ServletWebServerApplicationContext : Root WebApplicationContext: initialization completed in 3889 ms
2026-04-04T17:51:25.278+02:00  INFO 3880 --- [           main] o.hibernate.jpa.internal.util.LogHelper  : HHH000204: Processing PersistenceUnitInfo [name: default]
2026-04-04T17:51:25.450+02:00  INFO 3880 --- [           main] org.hibernate.Version                    : HHH000412: Hibernate ORM core version 6.2.13.Final
2026-04-04T17:51:25.482+02:00  INFO 3880 --- [           main] org.hibernate.cfg.Environment            : HHH000406: Using bytecode reflection optimizer
2026-04-04T17:51:26.298+02:00  INFO 3880 --- [           main] o.s.o.j.p.SpringPersistenceUnitInfo      : No LoadTimeWeaver setup: ignoring JPA class transformer
2026-04-04T17:51:26.352+02:00  INFO 3880 --- [           main] com.zaxxer.hikari.HikariDataSource       : HikariPool-1 - Starting...
2026-04-04T17:51:26.984+02:00  INFO 3880 --- [           main] com.zaxxer.hikari.pool.HikariPool        : HikariPool-1 - Added connection org.postgresql.jdbc.PgConnection@2bfc2f8b
2026-04-04T17:51:26.987+02:00  INFO 3880 --- [           main] com.zaxxer.hikari.HikariDataSource       : HikariPool-1 - Start completed.
2026-04-04T17:51:27.067+02:00  WARN 3880 --- [           main] org.hibernate.orm.deprecation            : HHH90000025: PostgreSQLDialect does not need to be specified explicitly using 'hibernate.dialect' (remove the property setting and it will be selected by default)
2026-04-04T17:51:29.773+02:00  INFO 3880 --- [           main] o.h.e.t.j.p.i.JtaPlatformInitiator       : HHH000489: No JTA platform available (set 'hibernate.transaction.jta.platform' to enable JTA platform integration)
2026-04-04T17:51:30.714+02:00  INFO 3880 --- [           main] j.LocalContainerEntityManagerFactoryBean : Initialized JPA EntityManagerFactory for persistence unit 'default'
2026-04-04T17:51:31.474+02:00 DEBUG 3880 --- [           main] c.f.g.security.JwtAuthFilter             : Filter 'jwtAuthFilter' configured for use
2026-04-04T17:51:31.806+02:00  INFO 3880 --- [           main] o.s.d.j.r.query.QueryEnhancerFactory     : Hibernate is in classpath; If applicable, HQL parser will be used.
2026-04-04T17:51:33.656+02:00  WARN 3880 --- [           main] JpaBaseConfiguration$JpaWebConfiguration : spring.jpa.open-in-view is enabled by default. Therefore, database queries may be performed during view rendering. Explicitly configure spring.jpa.open-in-view to disable this warning
2026-04-04T17:51:34.243+02:00  INFO 3880 --- [           main] o.s.s.web.DefaultSecurityFilterChain     : Will secure any request with [org.springframework.security.web.session.DisableEncodeUrlFilter@37e9d191, org.springframework.security.web.context.request.async.WebAsyncManagerIntegrationFilter@53a3ccc, org.springframework.security.web.context.SecurityContextHolderFilter@486480e2, org.springframework.security.web.header.HeaderWriterFilter@35d31e1c, org.springframework.web.filter.CorsFilter@27ca8a5a, org.springframework.web.filter.CorsFilter@62604ed4, org.springframework.security.web.authentication.logout.LogoutFilter@3687f6b6, com.faculte.gestion_ressources.security.JwtAuthFilter@7804a783, org.springframework.security.web.savedrequest.RequestCacheAwareFilter@1da40ae8, org.springframework.security.web.servletapi.SecurityContextHolderAwareRequestFilter@7be95197, org.springframework.security.web.authentication.AnonymousAuthenticationFilter@1bfc6e50, org.springframework.security.web.session.SessionManagementFilter@4fec93d0, org.springframework.security.web.access.ExceptionTranslationFilter@43851574, org.springframework.security.web.access.intercept.AuthorizationFilter@14b4caba]
2026-04-04T17:51:34.691+02:00  WARN 3880 --- [           main] ConfigServletWebServerApplicationContext : Exception encountered during context initialization - cancelling refresh attempt: org.springframework.context.ApplicationContextException: Failed to start bean 'webServerStartStop'
2026-04-04T17:51:34.696+02:00  INFO 3880 --- [           main] j.LocalContainerEntityManagerFactoryBean : Closing JPA EntityManagerFactory for persistence unit 'default'
2026-04-04T17:51:34.699+02:00  INFO 3880 --- [           main] com.zaxxer.hikari.HikariDataSource       : HikariPool-1 - Shutdown initiated...
2026-04-04T17:51:34.710+02:00  INFO 3880 --- [           main] com.zaxxer.hikari.HikariDataSource       : HikariPool-1 - Shutdown completed.
2026-04-04T17:51:34.717+02:00  INFO 3880 --- [           main] o.apache.catalina.core.StandardService   : Stopping service [Tomcat]
2026-04-04T17:51:34.747+02:00  INFO 3880 --- [           main] .s.b.a.l.ConditionEvaluationReportLogger : 

Error starting ApplicationContext. To display the condition evaluation report re-run your application with 'debug' enabled.
2026-04-04T17:51:34.788+02:00 ERROR 3880 --- [           main] o.s.b.d.LoggingFailureAnalysisReporter   : 

***************************
APPLICATION FAILED TO START
***************************

Description:

Web server failed to start. Port 8080 was already in use.

Action:

Identify and stop the process that's listening on port 8080 or configure this application to listen on another port.

[INFO] ------------------------------------------------------------------------
[INFO] BUILD FAILURE
[INFO] ------------------------------------------------------------------------
[INFO] Total time:  22.768 s
[INFO] Finished at: 2026-04-04T17:51:34+02:00
[INFO] ------------------------------------------------------------------------
[ERROR] Failed to execute goal org.springframework.boot:spring-boot-maven-plugin:3.1.5:run (default-cli) on project gestion-ressources: Process terminated with exit code: 1 -> [Help 1]
[ERROR] 
[ERROR] To see the full stack trace of the errors, re-run Maven with the -e switch.
[ERROR] Re-run Maven using the -X switch to enable full debug logging.
[ERROR] 
[ERROR] For more information about the errors and possible solutions, please read the following articles:
[ERROR] [Help 1] http://cwiki.apache.org/confluence/display/MAVEN/MojoExecutionException
